src/controllers/public.controller.ts(20,22): error TS2322: Type 'string | string[]' is not assignable to type 'string | (EOIProjectIdTokenNumberCompoundUniqueInput & string) | undefined'.
  Type 'string[]' is not assignable to type 'string | (EOIProjectIdTokenNumberCompoundUniqueInput & string) | undefined'.
    Type 'string[]' is not assignable to type 'EOIProjectIdTokenNumberCompoundUniqueInput & string'.
      Type 'string[]' is missing the following properties from type 'EOIProjectIdTokenNumberCompoundUniqueInput': projectId, tokenNumber
src/controllers/public.controller.ts(30,26): error TS2322: Type 'string | string[]' is not assignable to type 'string | undefined'.
  Type 'string[]' is not assignable to type 'string'.
src/controllers/public.controller.ts(70,64): error TS2322: Type 'string | string[]' is not assignable to type 'string | (EOIProjectIdTokenNumberCompoundUniqueInput & string) | undefined'.
  Type 'string[]' is not assignable to type 'string | (EOIProjectIdTokenNumberCompoundUniqueInput & string) | undefined'.
    Type 'string[]' is not assignable to type 'EOIProjectIdTokenNumberCompoundUniqueInput & string'.
      Type 'string[]' is missing the following properties from type 'EOIProjectIdTokenNumberCompoundUniqueInput': projectId, tokenNumber
src/controllers/public.controller.ts(76,72): error TS2322: Type 'string | string[]' is not assignable to type 'string | undefined'.
  Type 'string[]' is not assignable to type 'string'.
src/controllers/public.controller.ts(93,64): error TS2322: Type 'string | string[]' is not assignable to type 'string | (EOIProjectIdTokenNumberCompoundUniqueInput & string) | undefined'.
  Type 'string[]' is not assignable to type 'string | (EOIProjectIdTokenNumberCompoundUniqueInput & string) | undefined'.
    Type 'string[]' is not assignable to type 'EOIProjectIdTokenNumberCompoundUniqueInput & string'.
      Type 'string[]' is missing the following properties from type 'EOIProjectIdTokenNumberCompoundUniqueInput': projectId, tokenNumber
src/controllers/public.controller.ts(97,61): error TS2345: Argument of type 'string | string[]' is not assignable to parameter of type 'string'.
  Type 'string[]' is not assignable to type 'string'.
